// Vitest Snapshot v1

exports[`cat snapshot 1`] = `
[
  {
    "age": 4,
    "name": "Orange",
  },
  {
    "age": 6,
    "name": "Blank",
  },
]
`;
